2026-04-18 17:25:01,254 [INFO] Activator:176 - 


2026-04-18 17:25:01,255 [INFO] Activator:177 - !SESSION log4j initialized
2026-04-18 17:25:04,831 [INFO] LogOutputStream:77 - [STDOUT_REDIRECT] 
2026-04-18 17:25:15,633 [INFO] ApplicationProperties:184 - Using Application install path: D:\STM32CubeIDE_1.17.0\STM32CubeIDE\plugins\com.st.stm32cube.common.mx_6.13.0.202411220809
2026-04-18 17:25:15,645 [INFO] DbMcusXml:78 - Set database path to: D:\STM32CubeIDE_1.17.0\STM32CubeIDE\plugins\com.st.stm32cube.common.mx_6.13.0.202411220809\\db\/mcu/
2026-04-18 17:25:15,645 [INFO] ApiDb:274 - Set plugin database path to: D:\STM32CubeIDE_1.17.0\STM32CubeIDE\plugins\com.st.stm32cube.common.mx_6.13.0.202411220809\\db\/plugins/boardmanager/
2026-04-18 17:25:15,646 [WARN] ApiDb:259 - Overriding images path with different value:  => D:\STM32CubeIDE_1.17.0\STM32CubeIDE\plugins\com.st.stm32cube.common.mx_6.13.0.202411220809\\db\/plugins/mcufinder/images/
2026-04-18 17:25:15,649 [INFO] ApiDb:250 - Set database path to: C:\Users\1\.stmcufinder\plugins\mcufinder//mcu/
2026-04-18 17:25:15,649 [INFO] DbMcusAds:125 - Set database path to: C:\Users\1\.stmcufinder\plugins\mcufinder//mcu/
2026-04-18 17:25:15,651 [INFO] CrossReferenceDbSqlite:203 - Set database path to: C:\Users\1\.stmcufinder\plugins\mcufinder//mcu/cs/
2026-04-18 17:25:15,759 [INFO] RulesReader:64 - Compatibility file has been processed (297 Rules)
2026-04-18 17:25:15,934 [INFO] DbMcusXml:78 - Set database path to: D:\STM32CubeIDE_1.17.0\STM32CubeIDE\plugins\com.st.stm32cube.common.mx_6.13.0.202411220809\\db\/mcu/
2026-04-18 17:25:15,934 [INFO] ApiDb:274 - Set plugin database path to: D:\STM32CubeIDE_1.17.0\STM32CubeIDE\plugins\com.st.stm32cube.common.mx_6.13.0.202411220809\\db\/plugins/boardmanager/
2026-04-18 17:25:15,934 [INFO] ApiDb:261 - Set plugin images path to: D:\STM32CubeIDE_1.17.0\STM32CubeIDE\plugins\com.st.stm32cube.common.mx_6.13.0.202411220809\\db\/plugins/mcufinder/images/
2026-04-18 17:25:15,934 [WARN] DbFile:41 - Overriding database path with different value: C:\Users\1\.stmcufinder\plugins\mcufinder/ => C:\Users\1\.stmcufinder\plugins\mcufinder
2026-04-18 17:25:15,934 [INFO] ApiDb:250 - Set database path to: C:\Users\1\.stmcufinder\plugins\mcufinder//mcu/
2026-04-18 17:25:15,934 [WARN] DbFile:41 - Overriding database path with different value: C:\Users\1\.stmcufinder\plugins\mcufinder/ => C:\Users\1\.stmcufinder\plugins\mcufinder
2026-04-18 17:25:15,934 [INFO] DbMcusAds:125 - Set database path to: C:\Users\1\.stmcufinder\plugins\mcufinder//mcu/
2026-04-18 17:25:15,934 [WARN] DbFile:41 - Overriding database path with different value: C:\Users\1\.stmcufinder\plugins\mcufinder/ => C:\Users\1\.stmcufinder\plugins\mcufinder
2026-04-18 17:25:15,934 [WARN] DbFile:41 - Overriding database path with different value: C:\Users\1\.stmcufinder\plugins\mcufinder/ => C:\Users\1\.stmcufinder\plugins\mcufinder
2026-04-18 17:25:15,935 [INFO] CrossReferenceDbSqlite:203 - Set database path to: C:\Users\1\.stmcufinder\plugins\mcufinder//mcu/cs/
2026-04-18 17:25:16,112 [INFO] MainPanel:272 - HeapMemory: 268435456
2026-04-18 17:25:16,400 [INFO] DbMcusXml:78 - Set database path to: D:\STM32CubeIDE_1.17.0\STM32CubeIDE\plugins\com.st.stm32cube.common.mx_6.13.0.202411220809\\db\/mcu/
2026-04-18 17:25:16,400 [INFO] ApiDb:274 - Set plugin database path to: D:\STM32CubeIDE_1.17.0\STM32CubeIDE\plugins\com.st.stm32cube.common.mx_6.13.0.202411220809\\db\/plugins/boardmanager/
2026-04-18 17:25:16,400 [INFO] ApiDb:261 - Set plugin images path to: D:\STM32CubeIDE_1.17.0\STM32CubeIDE\plugins\com.st.stm32cube.common.mx_6.13.0.202411220809\\db\/plugins/mcufinder/images/
2026-04-18 17:25:16,402 [WARN] DbFile:41 - Overriding database path with different value: C:\Users\1\.stmcufinder\plugins\mcufinder/ => C:\Users\1\.stmcufinder\plugins\mcufinder
2026-04-18 17:25:16,402 [INFO] ApiDb:250 - Set database path to: C:\Users\1\.stmcufinder\plugins\mcufinder//mcu/
2026-04-18 17:25:16,403 [WARN] DbFile:41 - Overriding database path with different value: C:\Users\1\.stmcufinder\plugins\mcufinder/ => C:\Users\1\.stmcufinder\plugins\mcufinder
2026-04-18 17:25:16,403 [INFO] DbMcusAds:125 - Set database path to: C:\Users\1\.stmcufinder\plugins\mcufinder//mcu/
2026-04-18 17:25:16,403 [WARN] DbFile:41 - Overriding database path with different value: C:\Users\1\.stmcufinder\plugins\mcufinder/ => C:\Users\1\.stmcufinder\plugins\mcufinder
2026-04-18 17:25:16,403 [WARN] DbFile:41 - Overriding database path with different value: C:\Users\1\.stmcufinder\plugins\mcufinder/ => C:\Users\1\.stmcufinder\plugins\mcufinder
2026-04-18 17:25:16,403 [INFO] CrossReferenceDbSqlite:203 - Set database path to: C:\Users\1\.stmcufinder\plugins\mcufinder//mcu/cs/
2026-04-18 17:25:16,449 [INFO] ApplicationProperties:184 - Using Application install path: D:\STM32CubeIDE_1.17.0\STM32CubeIDE\plugins\com.st.stm32cube.common.mx_6.13.0.202411220809
2026-04-18 17:25:16,454 [INFO] PluginManage:196 - Search for loadable plugins [exclusion list=, ]
2026-04-18 17:25:16,459 [INFO] PluginManage:310 - Check plugin analytics
